../custom/barometer.c:114:6:fc_barometer_init	16	static
../custom/barometer.c:120:6:fc_barometer_process	56	static
../custom/barometer.c:148:27:MS5607_Init	24	static
../custom/barometer.c:168:13:MS5607PromRead	32	static
../custom/barometer.c:197:13:MS5607UncompensatedRead	24	static
../custom/barometer.c:266:13:MS5607Convert	376	static
../custom/barometer.c:301:13:MS5607Update	8	static
../custom/barometer.c:307:15:MS5607GetTemperatureC	8	static
../custom/barometer.c:312:16:MS5607GetPressurePa	4	static
../custom/barometer.c:317:6:enableCSB	8	static
../custom/barometer.c:322:6:disableCSB	8	static
../custom/barometer.c:327:6:MS5607SetTemperatureOSR	16	static
../custom/barometer.c:332:6:MS5607SetPressureOSR	16	static
