../lib/packet-parser/parser.c:10:5:is_byte_checksum_valid	16	static
../lib/packet-parser/parser.c:23:5:is_bytes_checksum_valid	24	static
../lib/packet-parser/parser.c:28:6:packetlib_parser_init	16	static
../lib/packet-parser/parser.c:36:9:read_packet_type	16	static
../lib/packet-parser/parser.c:41:10:read_packet_type_checksum	16	static
../lib/packet-parser/parser.c:46:7:read_packet_timestamp	16	static
../lib/packet-parser/parser.c:51:5:is_packet_header_checksum_valid	16	static
../lib/packet-parser/parser.c:68:5:get_packet_payload_size	16	static
../lib/packet-parser/parser.c:115:10:read_packet_checksum	24	static
../lib/packet-parser/parser.c:122:5:is_packet_checksum_valid	24	static
../lib/packet-parser/parser.c:130:6:extract_packet_data	24	static
../lib/packet-parser/parser.c:221:6:packetlib_buffer_dequeue_packet	24	static
../lib/packet-parser/parser.c:236:5:parse_packet	40	static
../lib/packet-parser/parser.c:281:6:packetlib_parser_process	24	static
../lib/packet-parser/parser.c:313:6:packetlib_initialize	8	static
../lib/packet-parser/parser.c:321:6:packetlib_process	8	static
../lib/packet-parser/parser.c:326:6:packetlib_enqueue	16	static
../lib/packet-parser/parser.c:334:9:packetlib_get_packet	4	static
../lib/packet-parser/parser.c:342:9:packetlib_get_buffer	4	static
